// Jest Snapshot v1, https://goo.gl/fbAQLP

exports[`<ATOForm /> rendering should render 1 form   1`] = `""`;
